<testsuites id="" name="" tests="28" failures="0" skipped="0" errors="0" time="57.291613999999996">
<testsuite name="alphabet-visual.spec.ts" timestamp="2025-07-29T03:39:49.403Z" hostname="chromium-desktop" tests="28" failures="0" skipped="0" time="36.43" errors="0">
<testcase name="Visual Regression Tests › Homepage should match baseline" classname="alphabet-visual.spec.ts" time="1.289">
</testcase>
<testcase name="Visual Regression Tests › Letter A page should match baseline" classname="alphabet-visual.spec.ts" time="1.336">
</testcase>
<testcase name="Visual Regression Tests › Letter B page should match baseline" classname="alphabet-visual.spec.ts" time="1.301">
</testcase>
<testcase name="Visual Regression Tests › Letter C page should match baseline" classname="alphabet-visual.spec.ts" time="1.321">
</testcase>
<testcase name="Visual Regression Tests › Letter D page should match baseline" classname="alphabet-visual.spec.ts" time="1.34">
</testcase>
<testcase name="Visual Regression Tests › Letter E page should match baseline" classname="alphabet-visual.spec.ts" time="1.337">
</testcase>
<testcase name="Visual Regression Tests › Letter F page should match baseline" classname="alphabet-visual.spec.ts" time="1.304">
</testcase>
<testcase name="Visual Regression Tests › Letter G page should match baseline" classname="alphabet-visual.spec.ts" time="1.266">
</testcase>
<testcase name="Visual Regression Tests › Letter H page should match baseline" classname="alphabet-visual.spec.ts" time="1.328">
</testcase>
<testcase name="Visual Regression Tests › Letter I page should match baseline" classname="alphabet-visual.spec.ts" time="1.299">
</testcase>
<testcase name="Visual Regression Tests › Letter J page should match baseline" classname="alphabet-visual.spec.ts" time="1.334">
</testcase>
<testcase name="Visual Regression Tests › Letter K page should match baseline" classname="alphabet-visual.spec.ts" time="1.304">
</testcase>
<testcase name="Visual Regression Tests › Letter L page should match baseline" classname="alphabet-visual.spec.ts" time="1.317">
</testcase>
<testcase name="Visual Regression Tests › Letter M page should match baseline" classname="alphabet-visual.spec.ts" time="1.295">
</testcase>
<testcase name="Visual Regression Tests › Letter N page should match baseline" classname="alphabet-visual.spec.ts" time="1.34">
</testcase>
<testcase name="Visual Regression Tests › Letter O page should match baseline" classname="alphabet-visual.spec.ts" time="1.295">
</testcase>
<testcase name="Visual Regression Tests › Letter P page should match baseline" classname="alphabet-visual.spec.ts" time="1.307">
</testcase>
<testcase name="Visual Regression Tests › Letter Q page should match baseline" classname="alphabet-visual.spec.ts" time="1.274">
</testcase>
<testcase name="Visual Regression Tests › Letter R page should match baseline" classname="alphabet-visual.spec.ts" time="1.35">
</testcase>
<testcase name="Visual Regression Tests › Letter S page should match baseline" classname="alphabet-visual.spec.ts" time="1.293">
</testcase>
<testcase name="Visual Regression Tests › Letter T page should match baseline" classname="alphabet-visual.spec.ts" time="1.315">
</testcase>
<testcase name="Visual Regression Tests › Letter U page should match baseline" classname="alphabet-visual.spec.ts" time="1.287">
</testcase>
<testcase name="Visual Regression Tests › Letter V page should match baseline" classname="alphabet-visual.spec.ts" time="1.303">
</testcase>
<testcase name="Visual Regression Tests › Letter W page should match baseline" classname="alphabet-visual.spec.ts" time="1.294">
</testcase>
<testcase name="Visual Regression Tests › Letter X page should match baseline" classname="alphabet-visual.spec.ts" time="1.318">
</testcase>
<testcase name="Visual Regression Tests › Letter Y page should match baseline" classname="alphabet-visual.spec.ts" time="1.29">
</testcase>
<testcase name="Visual Regression Tests › Letter Z page should match baseline" classname="alphabet-visual.spec.ts" time="1.338">
</testcase>
<testcase name="Visual Regression Tests › Navigation functionality" classname="alphabet-visual.spec.ts" time="1.055">
</testcase>
</testsuite>
</testsuites>